[3425 - Suricata-Main] 2026-08-22 19:18:13 Notice: suricata: This is Suricata version 8.0.6 RELEASE running in USER mode
[3425 - Suricata-Main] 2026-08-22 19:18:13 Info: cpu: CPUs/cores online: 4
[3425 - Suricata-Main] 2026-08-22 19:18:13 Info: suricata: Setting engine mode to IDS mode by default
[3425 - Suricata-Main] 2026-08-22 19:18:13 Info: exception-policy: master exception-policy set to: auto
[3425 - Suricata-Main] 2026-08-22 19:18:13 Info: suricata: Preparing unexpected signal handling
[3425 - Suricata-Main] 2026-08-22 19:18:13 Info: logopenfile: fast output device (regular) initialized: fast.log
[3425 - Suricata-Main] 2026-08-22 19:18:13 Info: logopenfile: eve-log output device (regular) initialized: eve.json
[3425 - Suricata-Main] 2026-08-22 19:18:13 Info: logopenfile: stats output device (regular) initialized: stats.log
[3425 - Suricata-Main] 2026-08-22 19:18:54 Info: detect: 1 rule files processed. 52551 rules successfully loaded, 0 rules failed, 0 rules skipped
[3425 - Suricata-Main] 2026-08-22 19:18:54 Info: threshold-config: Threshold config parsed: 0 rule(s) found
[3425 - Suricata-Main] 2026-08-22 19:18:54 Info: detect: 52556 signatures processed. 1324 are IP-only rules, 4511 are inspecting packet payload, 46485 inspect application layer, 110 are decoder event only
[3425 - Suricata-Main] 2026-08-22 19:18:58 Info: unix-manager: unix socket '/var/run/suricata/suricata-command.socket'
[3795 - RX#01] 2026-08-22 19:18:59 Info: pcap: Starting file run for 2024-07-30-traffic-analysis-exercise.pcap
[3425 - Suricata-Main] 2026-08-22 19:18:59 Notice: threads: Threads created -> RX: 1 W: 4 FM: 1 FR: 1   Engine started.
[3795 - RX#01] 2026-08-22 19:18:59 Info: checksum: No packets with invalid checksum, assuming checksum offloading is NOT used
[3795 - RX#01] 2026-08-22 19:18:59 Info: pcap: pcap file 2024-07-30-traffic-analysis-exercise.pcap end of file reached (pcap err code 0)
[3425 - Suricata-Main] 2026-08-22 19:18:59 Notice: suricata: Signal Received.  Stopping engine.
[3425 - Suricata-Main] 2026-08-22 19:18:59 Info: suricata: time elapsed 0.526s
[3795 - RX#01] 2026-08-22 19:18:59 Notice: pcap: read 1 file, 11562 packets, 11341372 bytes
[3425 - Suricata-Main] 2026-08-22 19:18:59 Info: counters: Alerts: 114
